============================= test session starts =============================
platform win32 -- Python 3.13.1, pytest-9.0.2, pluggy-1.6.0 -- C:\TradingBots\NT\.venv\Scripts\python.exe
cachedir: .pytest_cache
rootdir: C:\TradingBots\NT
configfile: pytest.ini
plugins: cov-7.0.0
collecting ... collected 54 items

tests/test_cli_entrypoint.py::test_cli_entrypoint_runs FAILED            [  1%]
tests/test_config.py::test_load_valid_config PASSED                      [  3%]
tests/test_config.py::test_missing_key_defaults PASSED                   [  5%]
tests/test_config.py::test_file_not_found PASSED                         [  7%]
tests/test_config_loader_module.py::test_config_loader_all_branches FAILED [  9%]
tests/test_dynamic_sltp.py::test_dynamic_sltp_all_branches PASSED        [ 11%]
tests/test_executor_module.py::test_trade_executor_all_branches FAILED   [ 12%]
tests/test_extra_coverage.py::test_executor_trade FAILED                 [ 14%]
tests/test_logging_setup.py::test_default_logger_creation PASSED         [ 16%]
tests/test_logging_setup.py::test_logger_with_custom_level PASSED        [ 18%]
tests/test_logging_setup.py::test_logger_with_file PASSED                [ 20%]
tests/test_logging_setup.py::test_logger_format PASSED                   [ 22%]
tests/test_no_header_in_middle.py::test_no_header_in_middle FAILED       [ 24%]
tests/test_notifier.py::test_send_success FAILED                         [ 25%]
tests/test_notifier.py::test_send_empty_disabled FAILED                  [ 27%]
tests/test_notifier.py::test_send_network_error FAILED                   [ 29%]
tests/test_notifier.py::test_trade_open FAILED                           [ 31%]
tests/test_notifier.py::test_trade_close FAILED                          [ 33%]
tests/test_notifier.py::test_alert FAILED                                [ 35%]
tests/test_notifier_module.py::test_notifier_all_branches FAILED         [ 37%]
tests/test_pipeline.py::test_select_pairs_no_cache FAILED                [ 38%]
tests/test_pipeline.py::test_select_pairs_with_cache FAILED              [ 40%]
tests/test_pipeline_full.py::test_pipeline_full FAILED                   [ 42%]
tests/test_pipeline_utils.py::TestPipelineUtils::test_cache_valid PASSED [ 44%]
tests/test_pipeline_utils.py::TestPipelineUtils::test_safe_ticker PASSED [ 46%]
tests/test_position_sizer.py::test_position_sizer_calculate_size_all_branches PASSED [ 48%]
tests/test_position_sizer_sl.py::test_position_sizer_with_sl_basic PASSED [ 50%]
tests/test_position_sizer_sl.py::test_position_sizer_with_sl_zero_sl PASSED [ 51%]
tests/test_risk_report.py::test_generate_report_creates_csv FAILED       [ 53%]
tests/test_risk_report_module.py::test_risk_report_empty_and_with_data PASSED [ 55%]
tests/test_riskguard_block_cooldown.py::test_cooldown_block FAILED       [ 57%]
tests/test_riskguard_block_daily_loss.py::test_block_daily_loss_triggered PASSED [ 59%]
tests/test_riskguard_block_daily_loss.py::test_block_daily_loss_not_triggered PASSED [ 61%]
tests/test_riskguard_block_kill_switch.py::test_kill_switch_block FAILED [ 62%]
tests/test_riskguard_block_logging.py::test_low_volume_block FAILED      [ 64%]
tests/test_riskguard_block_low_volume.py::test_low_volume_block FAILED   [ 66%]
tests/test_riskguard_block_max_positions.py::test_max_positions_block FAILED [ 68%]
tests/test_riskguard_block_pass.py::test_pass_logging FAILED             [ 70%]
tests/test_riskguard_block_position_size.py::test_position_size_block FAILED [ 72%]
tests/test_riskguard_block_risk_per_trade.py::test_risk_per_trade_logging FAILED [ 74%]
tests/test_riskguard_block_spread.py::test_spread_block FAILED           [ 75%]
tests/test_riskguard_block_total_loss.py::test_total_loss_block FAILED   [ 77%]
tests/test_rsi_for_backtest.py::test_rsi_for_backtest_all_branches PASSED [ 79%]
tests/test_rsi_strategy.py::test_rsi_strategy_all_branches PASSED        [ 81%]
tests/test_show_top_pairs.py::test_show_top_pairs_all_branches FAILED    [ 83%]
tests/test_sl_tp.py::test_sl_tp_fixed PASSED                             [ 85%]
tests/test_sl_tp.py::test_sl_tp_fixed_sell PASSED                        [ 87%]
tests/test_sl_tp_extended.py::test_dynamic_sltp_bounds[0.5-0.01-0.2-5.0] FAILED [ 88%]
tests/test_sl_tp_extended.py::test_dynamic_sltp_bounds[1.0-0.05-0.2-5.0] FAILED [ 90%]
tests/test_sl_tp_extended.py::test_dynamic_sltp_bounds[2.0-0.1-0.2-5.0] FAILED [ 92%]
tests/test_sma_for_backtest.py::test_sma_for_backtest_all_branches PASSED [ 94%]
tests/test_sma_strategy.py::test_sma_strategy_all_branches PASSED        [ 96%]
tests/test_smoke.py::test_smoke_imports PASSED                           [ 98%]
tests/test_trend_ok.py::test_trend_ok_all_branches FAILED                [100%]

================================== FAILURES ===================================
__________________________ test_cli_entrypoint_runs ___________________________
tests\test_cli_entrypoint.py:21: in test_cli_entrypoint_runs
    monkeypatch.setattr(pipeline, "select_pairs", lambda *a, **k: ["BTC/USDT"])
E   AttributeError: <module 'bot_ai.selector.pipeline' from 'C:\\TradingBots\\NT\\bot_ai\\selector\\pipeline.py'> has no attribute 'select_pairs'
_______________________ test_config_loader_all_branches _______________________
tests\test_config_loader_module.py:6: in test_config_loader_all_branches
    from bot_ai.core.config_loader import Config
E     File "C:\TradingBots\NT\bot_ai\core\config_loader.py", line 8
E       >>>>>>> 47a38855 (ЁЯФе ╨д╨╕╨╜╨░╨╗╤М╨╜╤Л╨╣ merge: stage0.4_main_release тЖТ main, ╨║╨╛╨╜╤Д╨╗╨╕╨║╤В╤Л ╤А╨╡╤И╨╡╨╜╤Л)
E                ^
E   SyntaxError: invalid decimal literal
______________________ test_trade_executor_all_branches _______________________
tests\test_executor_module.py:6: in test_trade_executor_all_branches
    from bot_ai.exec.executor import TradeExecutor
E   ModuleNotFoundError: No module named 'bot_ai.exec'
_____________________________ test_executor_trade _____________________________
tests\test_extra_coverage.py:7: in test_executor_trade
    from bot_ai.exec.executor import TradeExecutor
E   ModuleNotFoundError: No module named 'bot_ai.exec'
__________________________ test_no_header_in_middle ___________________________
tests\test_no_header_in_middle.py:5: in test_no_header_in_middle
    assert os.path.exists(log_path), f"╨д╨░╨╣╨╗ {log_path} ╨╜╨╡ ╨╜╨░╨╣╨┤╨╡╨╜"
E   AssertionError: ╨д╨░╨╣╨╗ data\trades_log.csv ╨╜╨╡ ╨╜╨░╨╣╨┤╨╡╨╜
E   assert False
E    +  where False = <built-in function _path_exists>('data\\trades_log.csv')
E    +    where <built-in function _path_exists> = <module 'ntpath' (frozen)>.exists
E    +      where <module 'ntpath' (frozen)> = os.path
______________________________ test_send_success ______________________________
tests\test_notifier.py:19: in test_send_success
    notifier = Notifier(cfg)
               ^^^^^^^^^^^^^
bot_ai\utils\notifier.py:11: in __init__
    self.enabled = config.notifications.get("enabled", False)
                   ^^^^^^^^^^^^^^^^^^^^^^^^
E   AttributeError: 'types.SimpleNamespace' object has no attribute 'get'
__________________________ test_send_empty_disabled ___________________________
tests\test_notifier.py:36: in test_send_empty_disabled
    notifier = Notifier(cfg)
               ^^^^^^^^^^^^^
bot_ai\utils\notifier.py:11: in __init__
    self.enabled = config.notifications.get("enabled", False)
                   ^^^^^^^^^^^^^^^^^^^^^^^^
E   AttributeError: 'types.SimpleNamespace' object has no attribute 'get'
___________________________ test_send_network_error ___________________________
tests\test_notifier.py:47: in test_send_network_error
    notifier = Notifier(cfg)
               ^^^^^^^^^^^^^
bot_ai\utils\notifier.py:11: in __init__
    self.enabled = config.notifications.get("enabled", False)
                   ^^^^^^^^^^^^^^^^^^^^^^^^
E   AttributeError: 'types.SimpleNamespace' object has no attribute 'get'
_______________________________ test_trade_open _______________________________
tests\test_notifier.py:56: in test_trade_open
    notifier = Notifier(cfg)
               ^^^^^^^^^^^^^
bot_ai\utils\notifier.py:11: in __init__
    self.enabled = config.notifications.get("enabled", False)
                   ^^^^^^^^^^^^^^^^^^^^^^^^
E   AttributeError: 'types.SimpleNamespace' object has no attribute 'get'
______________________________ test_trade_close _______________________________
tests\test_notifier.py:77: in test_trade_close
    notifier = Notifier(cfg)
               ^^^^^^^^^^^^^
bot_ai\utils\notifier.py:11: in __init__
    self.enabled = config.notifications.get("enabled", False)
                   ^^^^^^^^^^^^^^^^^^^^^^^^
E   AttributeError: 'types.SimpleNamespace' object has no attribute 'get'
_________________________________ test_alert __________________________________
tests\test_notifier.py:97: in test_alert
    notifier = Notifier(cfg)
               ^^^^^^^^^^^^^
bot_ai\utils\notifier.py:11: in __init__
    self.enabled = config.notifications.get("enabled", False)
                   ^^^^^^^^^^^^^^^^^^^^^^^^
E   AttributeError: 'types.SimpleNamespace' object has no attribute 'get'
_________________________ test_notifier_all_branches __________________________
tests\test_notifier_module.py:20: in test_notifier_all_branches
    n_disabled = Notifier(cfg_disabled)
                 ^^^^^^^^^^^^^^^^^^^^^^
bot_ai\utils\notifier.py:11: in __init__
    self.enabled = config.notifications.get("enabled", False)
                   ^^^^^^^^^^^^^^^^^^^^^^^^
E   AttributeError: 'types.SimpleNamespace' object has no attribute 'get'
_________________________ test_select_pairs_no_cache __________________________
tests\test_pipeline.py:48: in test_select_pairs_no_cache
    pipeline.ccxt,
    ^^^^^^^^^^^^^
E   AttributeError: module 'bot_ai.selector.pipeline' has no attribute 'ccxt'
________________________ test_select_pairs_with_cache _________________________
tests\test_pipeline.py:75: in test_select_pairs_with_cache
    monkeypatch.setattr(
E   AttributeError: <module 'bot_ai.selector.pipeline' from 'C:\\TradingBots\\NT\\bot_ai\\selector\\pipeline.py'> has no attribute '_whitelist_path'
_____________________________ test_pipeline_full ______________________________
tests\test_pipeline_full.py:16: in test_pipeline_full
    monkeypatch.setattr(
E   AttributeError: <module 'bot_ai.selector.pipeline' from 'C:\\TradingBots\\NT\\bot_ai\\selector\\pipeline.py'> has no attribute '_whitelist_path'
______________________ test_generate_report_creates_csv _______________________
tests\test_risk_report.py:11: in test_generate_report_creates_csv
    RiskReport.generate(report_data, output_file)
    ^^^^^^^^^^^^^^^^^^^
E   AttributeError: type object 'RiskReport' has no attribute 'generate'
_____________________________ test_cooldown_block _____________________________
C:\TradingBots\NT\tests\test_riskguard_block_cooldown.py:23: in test_cooldown_block
    guard = RiskGuard(cfg={"risk": {"cooldown_minutes": 5}})
            ^^^^^^^^^^^^^^^^^^^^^^^^^^^^^^^^^^^^^^^^^^^^^^^^
E   TypeError: RiskGuard.__init__() got an unexpected keyword argument 'cfg'
___________________________ test_kill_switch_block ____________________________
C:\TradingBots\NT\tests\test_riskguard_block_kill_switch.py:12: in test_kill_switch_block
    ctx = TradeContext(
E   TypeError: TradeContext.__init__() got an unexpected keyword argument 'symbol'
____________________________ test_low_volume_block ____________________________
C:\TradingBots\NT\tests\test_riskguard_block_logging.py:23: in test_low_volume_block
    guard = RiskGuard(cfg={"risk": {"min_24h_volume_usdt": 1000}})
            ^^^^^^^^^^^^^^^^^^^^^^^^^^^^^^^^^^^^^^^^^^^^^^^^^^^^^^
E   TypeError: RiskGuard.__init__() got an unexpected keyword argument 'cfg'
____________________________ test_low_volume_block ____________________________
C:\TradingBots\NT\tests\test_riskguard_block_low_volume.py:11: in test_low_volume_block
    ctx = TradeContext(
E   TypeError: TradeContext.__init__() got an unexpected keyword argument 'symbol'
__________________________ test_max_positions_block ___________________________
C:\TradingBots\NT\tests\test_riskguard_block_max_positions.py:12: in test_max_positions_block
    ctx = TradeContext(
E   TypeError: TradeContext.__init__() got an unexpected keyword argument 'symbol'
______________________________ test_pass_logging ______________________________
C:\TradingBots\NT\tests\test_riskguard_block_pass.py:24: in test_pass_logging
    guard = RiskGuard(cfg={"risk": {
E   TypeError: RiskGuard.__init__() got an unexpected keyword argument 'cfg'
__________________________ test_position_size_block ___________________________
C:\TradingBots\NT\tests\test_riskguard_block_position_size.py:11: in test_position_size_block
    ctx = TradeContext(
E   TypeError: TradeContext.__init__() got an unexpected keyword argument 'symbol'
_________________________ test_risk_per_trade_logging _________________________
C:\TradingBots\NT\tests\test_riskguard_block_risk_per_trade.py:11: in test_risk_per_trade_logging
    ctx = TradeContext(
E   TypeError: TradeContext.__init__() got an unexpected keyword argument 'symbol'
______________________________ test_spread_block ______________________________
C:\TradingBots\NT\tests\test_riskguard_block_spread.py:10: in test_spread_block
    ctx = TradeContext(
E   TypeError: TradeContext.__init__() got an unexpected keyword argument 'symbol'
____________________________ test_total_loss_block ____________________________
C:\TradingBots\NT\tests\test_riskguard_block_total_loss.py:12: in test_total_loss_block
    ctx = TradeContext(
E   TypeError: TradeContext.__init__() got an unexpected keyword argument 'symbol'
______________________ test_show_top_pairs_all_branches _______________________
tests\test_show_top_pairs.py:11: in test_show_top_pairs_all_branches
    from bot_ai.selector.pipeline import show_top_pairs
E   ImportError: cannot import name 'show_top_pairs' from 'bot_ai.selector.pipeline' (C:\TradingBots\NT\bot_ai\selector\pipeline.py)
_________________ test_dynamic_sltp_bounds[0.5-0.01-0.2-5.0] __________________
tests\test_sl_tp_extended.py:15: in test_dynamic_sltp_bounds
    sltp = DynamicSLTP(min_stop=min_stop, max_stop=max_stop)
           ^^^^^^^^^^^^^^^^^^^^^^^^^^^^^^^^^^^^^^^^^^^^^^^^^
E   TypeError: DynamicSLTP.__init__() got an unexpected keyword argument 'min_stop'
_________________ test_dynamic_sltp_bounds[1.0-0.05-0.2-5.0] __________________
tests\test_sl_tp_extended.py:15: in test_dynamic_sltp_bounds
    sltp = DynamicSLTP(min_stop=min_stop, max_stop=max_stop)
           ^^^^^^^^^^^^^^^^^^^^^^^^^^^^^^^^^^^^^^^^^^^^^^^^^
E   TypeError: DynamicSLTP.__init__() got an unexpected keyword argument 'min_stop'
__________________ test_dynamic_sltp_bounds[2.0-0.1-0.2-5.0] __________________
tests\test_sl_tp_extended.py:15: in test_dynamic_sltp_bounds
    sltp = DynamicSLTP(min_stop=min_stop, max_stop=max_stop)
           ^^^^^^^^^^^^^^^^^^^^^^^^^^^^^^^^^^^^^^^^^^^^^^^^^
E   TypeError: DynamicSLTP.__init__() got an unexpected keyword argument 'min_stop'
_________________________ test_trend_ok_all_branches __________________________
tests\test_trend_ok.py:10: in test_trend_ok_all_branches
    from bot_ai.selector.pipeline import _trend_ok
E   ImportError: cannot import name '_trend_ok' from 'bot_ai.selector.pipeline' (C:\TradingBots\NT\bot_ai\selector\pipeline.py)
============================== warnings summary ===============================
bot_ai\state\trade_logger.py:29
  C:\TradingBots\NT\bot_ai\state\trade_logger.py:29: DeprecationWarning: datetime.datetime.utcnow() is deprecated and scheduled for removal in a future version. Use timezone-aware objects to represent datetimes in UTC: datetime.datetime.now(datetime.UTC).
    "timestamp": datetime.utcnow().isoformat(),

bot_ai\state\trade_logger.py:53
  C:\TradingBots\NT\bot_ai\state\trade_logger.py:53: DeprecationWarning: datetime.datetime.utcnow() is deprecated and scheduled for removal in a future version. Use timezone-aware objects to represent datetimes in UTC: datetime.datetime.now(datetime.UTC).
    "time": datetime.utcnow().strftime("%Y-%m-%d %H:%M:%S"),

.venv\Lib\site-packages\binance\ws\websocket_api.py:4
.venv\Lib\site-packages\binance\ws\websocket_api.py:4
  C:\TradingBots\NT\.venv\Lib\site-packages\binance\ws\websocket_api.py:4: DeprecationWarning: websockets.WebSocketClientProtocol is deprecated
    from websockets import WebSocketClientProtocol  # type: ignore

.venv\Lib\site-packages\websockets\legacy\__init__.py:6
  C:\TradingBots\NT\.venv\Lib\site-packages\websockets\legacy\__init__.py:6: DeprecationWarning: websockets.legacy is deprecated; see https://websockets.readthedocs.io/en/stable/howto/upgrade.html for upgrade instructions
    warnings.warn(  # deprecated in 14.0 - 2024-11-09

-- Docs: https://docs.pytest.org/en/stable/how-to/capture-warnings.html
=========================== short test summary info ===========================
FAILED tests/test_cli_entrypoint.py::test_cli_entrypoint_runs - AttributeErro...
FAILED tests/test_config_loader_module.py::test_config_loader_all_branches - ...
FAILED tests/test_executor_module.py::test_trade_executor_all_branches - Modu...
FAILED tests/test_extra_coverage.py::test_executor_trade - ModuleNotFoundErro...
FAILED tests/test_no_header_in_middle.py::test_no_header_in_middle - Assertio...
FAILED tests/test_notifier.py::test_send_success - AttributeError: 'types.Sim...
FAILED tests/test_notifier.py::test_send_empty_disabled - AttributeError: 'ty...
FAILED tests/test_notifier.py::test_send_network_error - AttributeError: 'typ...
FAILED tests/test_notifier.py::test_trade_open - AttributeError: 'types.Simpl...
FAILED tests/test_notifier.py::test_trade_close - AttributeError: 'types.Simp...
FAILED tests/test_notifier.py::test_alert - AttributeError: 'types.SimpleName...
FAILED tests/test_notifier_module.py::test_notifier_all_branches - AttributeE...
FAILED tests/test_pipeline.py::test_select_pairs_no_cache - AttributeError: m...
FAILED tests/test_pipeline.py::test_select_pairs_with_cache - AttributeError:...
FAILED tests/test_pipeline_full.py::test_pipeline_full - AttributeError: <mod...
FAILED tests/test_risk_report.py::test_generate_report_creates_csv - Attribut...
FAILED tests/test_riskguard_block_cooldown.py::test_cooldown_block - TypeErro...
FAILED tests/test_riskguard_block_kill_switch.py::test_kill_switch_block - Ty...
FAILED tests/test_riskguard_block_logging.py::test_low_volume_block - TypeErr...
FAILED tests/test_riskguard_block_low_volume.py::test_low_volume_block - Type...
FAILED tests/test_riskguard_block_max_positions.py::test_max_positions_block
FAILED tests/test_riskguard_block_pass.py::test_pass_logging - TypeError: Ris...
FAILED tests/test_riskguard_block_position_size.py::test_position_size_block
FAILED tests/test_riskguard_block_risk_per_trade.py::test_risk_per_trade_logging
FAILED tests/test_riskguard_block_spread.py::test_spread_block - TypeError: T...
FAILED tests/test_riskguard_block_total_loss.py::test_total_loss_block - Type...
FAILED tests/test_show_top_pairs.py::test_show_top_pairs_all_branches - Impor...
FAILED tests/test_sl_tp_extended.py::test_dynamic_sltp_bounds[0.5-0.01-0.2-5.0]
FAILED tests/test_sl_tp_extended.py::test_dynamic_sltp_bounds[1.0-0.05-0.2-5.0]
FAILED tests/test_sl_tp_extended.py::test_dynamic_sltp_bounds[2.0-0.1-0.2-5.0]
FAILED tests/test_trend_ok.py::test_trend_ok_all_branches - ImportError: cann...
================== 31 failed, 23 passed, 5 warnings in 1.54s ==================
